// Jest Snapshot v1, https://goo.gl/fbAQLP

exports[`Article List renders correctly 1`] = `
<div>
  <div
    id="article"
  >
    <h3
      id="title-article"
    >
      <strong />
    </h3>
    <div
      id="date-article"
    >
      <strong>
        Invalid date
      </strong>
    </div>
    <div
      id="author-article"
    >
      Author: 
      <a
        href={undefined}
        target="_blank"
      >
        <em>
           
        </em>
      </a>
    </div>
    <div
      id="body-article"
    />
  </div>
  <div
    id="article"
  >
    <h3
      id="title-article"
    >
      <strong />
    </h3>
    <div
      id="date-article"
    >
      <strong>
        Invalid date
      </strong>
    </div>
    <div
      id="author-article"
    >
      Author: 
      <a
        href={undefined}
        target="_blank"
      >
        <em>
           
        </em>
      </a>
    </div>
    <div
      id="body-article"
    />
  </div>
  <div
    id="article"
  >
    <h3
      id="title-article"
    >
      <strong />
    </h3>
    <div
      id="date-article"
    >
      <strong>
        Invalid date
      </strong>
    </div>
    <div
      id="author-article"
    >
      Author: 
      <a
        href={undefined}
        target="_blank"
      >
        <em>
           
        </em>
      </a>
    </div>
    <div
      id="body-article"
    />
  </div>
</div>
`;
